Archive member included to satisfy reference by file (symbol)

c:/program files (x86)/gnu arm embedded toolchain/9 2020-q2-update/bin/../lib/gcc/arm-none-eabi/9.3.1/../../../../arm-none-eabi/lib/thumb/v6-m/nofp\libc_nano.a(lib_a-exit.o)
                              c:/program files (x86)/gnu arm embedded toolchain/9 2020-q2-update/bin/../lib/gcc/arm-none-eabi/9.3.1/../../../../arm-none-eabi/lib/thumb/v6-m/nofp/crt0.o (exit)
c:/program files (x86)/gnu arm embedded toolchain/9 2020-q2-update/bin/../lib/gcc/arm-none-eabi/9.3.1/../../../../arm-none-eabi/lib/thumb/v6-m/nofp\libc_nano.a(lib_a-impure.o)
                              c:/program files (x86)/gnu arm embedded toolchain/9 2020-q2-update/bin/../lib/gcc/arm-none-eabi/9.3.1/../../../../arm-none-eabi/lib/thumb/v6-m/nofp\libc_nano.a(lib_a-exit.o) (_global_impure_ptr)
c:/program files (x86)/gnu arm embedded toolchain/9 2020-q2-update/bin/../lib/gcc/arm-none-eabi/9.3.1/../../../../arm-none-eabi/lib/thumb/v6-m/nofp\libc_nano.a(lib_a-init.o)
                              c:/program files (x86)/gnu arm embedded toolchain/9 2020-q2-update/bin/../lib/gcc/arm-none-eabi/9.3.1/../../../../arm-none-eabi/lib/thumb/v6-m/nofp/crt0.o (__libc_init_array)
c:/program files (x86)/gnu arm embedded toolchain/9 2020-q2-update/bin/../lib/gcc/arm-none-eabi/9.3.1/../../../../arm-none-eabi/lib/thumb/v6-m/nofp\libc_nano.a(lib_a-memset.o)
                              c:/program files (x86)/gnu arm embedded toolchain/9 2020-q2-update/bin/../lib/gcc/arm-none-eabi/9.3.1/../../../../arm-none-eabi/lib/thumb/v6-m/nofp/crt0.o (memset)
c:/program files (x86)/gnu arm embedded toolchain/9 2020-q2-update/bin/../lib/gcc/arm-none-eabi/9.3.1/../../../../arm-none-eabi/lib/thumb/v6-m/nofp\libnosys.a(_exit.o)
                              c:/program files (x86)/gnu arm embedded toolchain/9 2020-q2-update/bin/../lib/gcc/arm-none-eabi/9.3.1/../../../../arm-none-eabi/lib/thumb/v6-m/nofp\libc_nano.a(lib_a-exit.o) (_exit)
c:/program files (x86)/gnu arm embedded toolchain/9 2020-q2-update/bin/../lib/gcc/arm-none-eabi/9.3.1/thumb/v6-m/nofp\libgcc.a(_fixunssfsi.o)
                              _build/nrf51422_xxac_drv_timer.c.o (__aeabi_f2uiz)
c:/program files (x86)/gnu arm embedded toolchain/9 2020-q2-update/bin/../lib/gcc/arm-none-eabi/9.3.1/thumb/v6-m/nofp\libgcc.a(mulsf3.o)
                              _build/nrf51422_xxac_drv_timer.c.o (__aeabi_fmul)
c:/program files (x86)/gnu arm embedded toolchain/9 2020-q2-update/bin/../lib/gcc/arm-none-eabi/9.3.1/thumb/v6-m/nofp\libgcc.a(subsf3.o)
                              c:/program files (x86)/gnu arm embedded toolchain/9 2020-q2-update/bin/../lib/gcc/arm-none-eabi/9.3.1/thumb/v6-m/nofp\libgcc.a(_fixunssfsi.o) (__aeabi_fsub)
c:/program files (x86)/gnu arm embedded toolchain/9 2020-q2-update/bin/../lib/gcc/arm-none-eabi/9.3.1/thumb/v6-m/nofp\libgcc.a(fixsfsi.o)
                              c:/program files (x86)/gnu arm embedded toolchain/9 2020-q2-update/bin/../lib/gcc/arm-none-eabi/9.3.1/thumb/v6-m/nofp\libgcc.a(_fixunssfsi.o) (__aeabi_f2iz)
c:/program files (x86)/gnu arm embedded toolchain/9 2020-q2-update/bin/../lib/gcc/arm-none-eabi/9.3.1/thumb/v6-m/nofp\libgcc.a(floatunsisf.o)
                              _build/nrf51422_xxac_drv_timer.c.o (__aeabi_ui2f)
c:/program files (x86)/gnu arm embedded toolchain/9 2020-q2-update/bin/../lib/gcc/arm-none-eabi/9.3.1/thumb/v6-m/nofp\libgcc.a(_arm_cmpsf2.o)
                              c:/program files (x86)/gnu arm embedded toolchain/9 2020-q2-update/bin/../lib/gcc/arm-none-eabi/9.3.1/thumb/v6-m/nofp\libgcc.a(_fixunssfsi.o) (__aeabi_fcmpge)
c:/program files (x86)/gnu arm embedded toolchain/9 2020-q2-update/bin/../lib/gcc/arm-none-eabi/9.3.1/thumb/v6-m/nofp\libgcc.a(_clzsi2.o)
                              c:/program files (x86)/gnu arm embedded toolchain/9 2020-q2-update/bin/../lib/gcc/arm-none-eabi/9.3.1/thumb/v6-m/nofp\libgcc.a(mulsf3.o) (__clzsi2)
c:/program files (x86)/gnu arm embedded toolchain/9 2020-q2-update/bin/../lib/gcc/arm-none-eabi/9.3.1/thumb/v6-m/nofp\libgcc.a(eqsf2.o)
                              c:/program files (x86)/gnu arm embedded toolchain/9 2020-q2-update/bin/../lib/gcc/arm-none-eabi/9.3.1/thumb/v6-m/nofp\libgcc.a(_arm_cmpsf2.o) (__eqsf2)
c:/program files (x86)/gnu arm embedded toolchain/9 2020-q2-update/bin/../lib/gcc/arm-none-eabi/9.3.1/thumb/v6-m/nofp\libgcc.a(gesf2.o)
                              c:/program files (x86)/gnu arm embedded toolchain/9 2020-q2-update/bin/../lib/gcc/arm-none-eabi/9.3.1/thumb/v6-m/nofp\libgcc.a(_arm_cmpsf2.o) (__gesf2)
c:/program files (x86)/gnu arm embedded toolchain/9 2020-q2-update/bin/../lib/gcc/arm-none-eabi/9.3.1/thumb/v6-m/nofp\libgcc.a(lesf2.o)
                              c:/program files (x86)/gnu arm embedded toolchain/9 2020-q2-update/bin/../lib/gcc/arm-none-eabi/9.3.1/thumb/v6-m/nofp\libgcc.a(_arm_cmpsf2.o) (__lesf2)
[...]
Memory Configuration

Name             Origin             Length             Attributes
FLASH            0x0001b000         0x00025000         xr
RAM              0x200013c8         0x00006c38         xrw
*default*        0x00000000         0xffffffff

Linker script and memory map


.text           0x0001b000     0x32e4
 *(.isr_vector)
 .isr_vector    0x0001b000       0xc0 _build/nrf51422_xxac_gcc_startup_nrf51.S.o
                0x0001b000                __isr_vector
 *(.text*)
 .text          0x0001b0c0       0x48 c:/program files (x86)/gnu arm embedded toolchain/9 2020-q2-update/bin/../lib/gcc/arm-none-eabi/9.3.1/thumb/v6-m/nofp/crtbegin.o
 .text          0x0001b108       0x80 c:/program files (x86)/gnu arm embedded toolchain/9 2020-q2-update/bin/../lib/gcc/arm-none-eabi/9.3.1/../../../../arm-none-eabi/lib/thumb/v6-m/nofp/crt0.o
                0x0001b108                _stack_init
                0x0001b114                _start
                0x0001b114                _mainCRTStartup
 .text.exit     0x0001b188       0x2c c:/program files (x86)/gnu arm embedded toolchain/9 2020-q2-update/bin/../lib/gcc/arm-none-eabi/9.3.1/../../../../arm-none-eabi/lib/thumb/v6-m/nofp\libc_nano.a(lib_a-exit.o)
                0x0001b188                exit
 .text.__libc_init_array
                0x0001b1b4       0x48 c:/program files (x86)/gnu arm embedded toolchain/9 2020-q2-update/bin/../lib/gcc/arm-none-eabi/9.3.1/../../../../arm-none-eabi/lib/thumb/v6-m/nofp\libc_nano.a(lib_a-init.o)
                0x0001b1b4                __libc_init_array
 .text.memset   0x0001b1fc       0x10 c:/program files (x86)/gnu arm embedded toolchain/9 2020-q2-update/bin/../lib/gcc/arm-none-eabi/9.3.1/../../../../arm-none-eabi/lib/thumb/v6-m/nofp\libc_nano.a(lib_a-memset.o)
                0x0001b1fc                memset
 .text._exit    0x0001b20c        0x4 c:/program files (x86)/gnu arm embedded toolchain/9 2020-q2-update/bin/../lib/gcc/arm-none-eabi/9.3.1/../../../../arm-none-eabi/lib/thumb/v6-m/nofp\libnosys.a(_exit.o)
                0x0001b20c                _exit
 .text.main     0x0001b210       0x22 _build/nrf51422_xxac_main.c.o
                0x0001b210                main
 .text.nrf_gpio_pin_port_decode
                0x0001b232       0x14 _build/nrf51422_xxac_nrf51_muha.c.o
 .text.nrf_gpio_cfg
                0x0001b246       0x6a _build/nrf51422_xxac_nrf51_muha.c.o
 .text.nrf_gpio_cfg_output
                0x0001b2b0       0x24 _build/nrf51422_xxac_nrf51_muha.c.o
 .text.NRF51_MUHA_init
                0x0001b2d4       0x60 _build/nrf51422_xxac_nrf51_muha.c.o
                0x0001b2d4                NRF51_MUHA_init
 .text.NRF51_MUHA_start
                0x0001b334       0x20 _build/nrf51422_xxac_nrf51_muha.c.o
                0x0001b334                NRF51_MUHA_start
 .text.NRF51_MUHA_initGpio
                0x0001b354       0x64 _build/nrf51422_xxac_nrf51_muha.c.o
 .text.NRF51_MUHA_initDrivers
                0x0001b3b8       0x64 _build/nrf51422_xxac_nrf51_muha.c.o
 .text.NRF51_MUHA_initBsp
                0x0001b41c       0x3c _build/nrf51422_xxac_nrf51_muha.c.o
 .text.nrf_delay_us
                0x0001b458       0x48 _build/nrf51422_xxac_bsp_ecg_ADS1192.c.o
 .text.nrf_delay_ms
                0x0001b4a0       0x24 _build/nrf51422_xxac_bsp_ecg_ADS1192.c.o
 .text.nrf_gpio_pin_port_decode
                0x0001b4c4       0x14 _build/nrf51422_xxac_bsp_ecg_ADS1192.c.o
 .text.nrf_gpio_pin_set
                0x0001b4d8       0x2c _build/nrf51422_xxac_bsp_ecg_ADS1192.c.o
 .text.nrf_gpio_pin_clear
                0x0001b504       0x2c _build/nrf51422_xxac_bsp_ecg_ADS1192.c.o
 .text.nrf_gpio_port_out_set
                0x0001b530       0x1c _build/nrf51422_xxac_bsp_ecg_ADS1192.c.o
 .text.nrf_gpio_port_out_clear
                0x0001b54c       0x20 _build/nrf51422_xxac_bsp_ecg_ADS1192.c.o
 .text.BSP_ECG_ADS1192_init
                0x0001b56c      0x104 _build/nrf51422_xxac_bsp_ecg_ADS1192.c.o
                0x0001b56c                BSP_ECG_ADS1192_init
 .text.BSP_ECG_ADS1192_startEcgReading
                0x0001b670       0x48 _build/nrf51422_xxac_bsp_ecg_ADS1192.c.o
                0x0001b670                BSP_ECG_ADS1192_startEcgReading
 .text.BSP_ECG_ADS1192_convertSignalToSignedVal
                0x0001b6b8       0x9e _build/nrf51422_xxac_bsp_ecg_ADS1192.c.o
 .text.BSP_ECG_ADS1192_sendSpiCommand
                0x0001b756       0x72 _build/nrf51422_xxac_bsp_ecg_ADS1192.c.o
 .text.BSP_ECG_ADS1192_writeSingleReg
                0x0001b7c8       0xc8 _build/nrf51422_xxac_bsp_ecg_ADS1192.c.o
 .text.BSP_ECG_ADS1192_enablePgaCalibration
                0x0001b890       0x3e _build/nrf51422_xxac_bsp_ecg_ADS1192.c.o
 .text.BSP_ECG_ADS1192_setConversionRate
                0x0001b8ce       0x64 _build/nrf51422_xxac_bsp_ecg_ADS1192.c.o
 *fill*         0x0001b932        0x2 
 .text.BSP_ECG_ADS1192_setNormalElectrodeRead
                0x0001b934       0xc4 _build/nrf51422_xxac_bsp_ecg_ADS1192.c.o
 .text.BSP_ECG_ADS1192_initReset
                0x0001b9f8       0x64 _build/nrf51422_xxac_bsp_ecg_ADS1192.c.o
 .text.BSP_ECG_ADS1192_DrdyPin_IRQHandler
                0x0001ba5c       0x58 _build/nrf51422_xxac_bsp_ecg_ADS1192.c.o
                0x0001ba5c                BSP_ECG_ADS1192_DrdyPin_IRQHandler
 .text.NVIC_EnableIRQ
                0x0001bab4       0x2c _build/nrf51422_xxac_drv_common.c.o
 .text.NVIC_ClearPendingIRQ
                0x0001bae0       0x30 _build/nrf51422_xxac_drv_common.c.o
 .text.NVIC_SetPriority
                0x0001bb10       0xdc _build/nrf51422_xxac_drv_common.c.o
 .text.DRV_COMMON_enableIRQPriority
                0x0001bbec       0x4a _build/nrf51422_xxac_drv_common.c.o
                0x0001bbec                DRV_COMMON_enableIRQPriority
 .text.TIMER0_IRQHandler
                0x0001bc36       0x10 _build/nrf51422_xxac_drv_timer.c.o
                0x0001bc36                TIMER0_IRQHandler
 .text.TIMER1_IRQHandler
                0x0001bc46       0x10 _build/nrf51422_xxac_drv_timer.c.o
                0x0001bc46                TIMER1_IRQHandler
 .text.TIMER2_IRQHandler
                0x0001bc56       0x10 _build/nrf51422_xxac_drv_timer.c.o
                0x0001bc56                TIMER2_IRQHandler
 *fill*         0x0001bc66        0x2 
 .text.DRV_TIMER_init
                0x0001bc68       0xe8 _build/nrf51422_xxac_drv_timer.c.o
                0x0001bc68                DRV_TIMER_init
 .text.DRV_TIMER_irqHandler
                0x0001bd50       0xcc _build/nrf51422_xxac_drv_timer.c.o
 .text.nrf_gpio_pin_port_decode
                0x0001be1c       0x14 _build/nrf51422_xxac_drv_spi.c.o
 .text.nrf_gpio_cfg
                0x0001be30       0x6a _build/nrf51422_xxac_drv_spi.c.o
 .text.nrf_gpio_cfg_output
                0x0001be9a       0x24 _build/nrf51422_xxac_drv_spi.c.o
 .text.nrf_gpio_cfg_input
                0x0001bebe       0x2c _build/nrf51422_xxac_drv_spi.c.o
 .text.nrf_gpio_pin_set
                0x0001beea       0x2c _build/nrf51422_xxac_drv_spi.c.o
 .text.nrf_gpio_pin_clear
                0x0001bf16       0x2c _build/nrf51422_xxac_drv_spi.c.o
 .text.nrf_gpio_port_out_set
                0x0001bf42       0x1c _build/nrf51422_xxac_drv_spi.c.o
 *fill*         0x0001bf5e        0x2 
 .text.nrf_gpio_port_out_clear
                0x0001bf60       0x20 _build/nrf51422_xxac_drv_spi.c.o
 .text.DRV_SPI_init
                0x0001bf80       0xfc _build/nrf51422_xxac_drv_spi.c.o
                0x0001bf80                DRV_SPI_init
 .text.DRV_SPI_masterTxBlocking
                0x0001c07c       0xe0 _build/nrf51422_xxac_drv_spi.c.o
                0x0001c07c                DRV_SPI_masterTxBlocking
 .text.DRV_SPI_masterRxBlocking
                0x0001c15c       0xe4 _build/nrf51422_xxac_drv_spi.c.o
                0x0001c15c                DRV_SPI_masterRxBlocking
 .text.DRV_SPI_initPins
                0x0001c240       0x86 _build/nrf51422_xxac_drv_spi.c.o
 .text.HAL_TIMER_setFrequency
                0x0001c2c6       0x38 _build/nrf51422_xxac_hal_timer.c.o
                0x0001c2c6                HAL_TIMER_setFrequency
 .text.HAL_TIMER_setBitWidth
                0x0001c2fe       0x38 _build/nrf51422_xxac_hal_timer.c.o
                0x0001c2fe                HAL_TIMER_setBitWidth
 *fill*         0x0001c336        0x2 
 .text.HAL_TIMER_setMode
                0x0001c338       0x38 _build/nrf51422_xxac_hal_timer.c.o
                0x0001c338                HAL_TIMER_setMode
 .text.HAL_TIMER_clearEvents
                0x0001c370       0x42 _build/nrf51422_xxac_hal_timer.c.o
                0x0001c370                HAL_TIMER_clearEvents
 .text.HAL_TIMER_clearEvent
                0x0001c3b2       0x26 _build/nrf51422_xxac_hal_timer.c.o
                0x0001c3b2                HAL_TIMER_clearEvent
 .text.HAL_TIMER_checkEvent
                0x0001c3d8       0x2a _build/nrf51422_xxac_hal_timer.c.o
                0x0001c3d8                HAL_TIMER_checkEvent
 .text.HAL_TIMER_getEvent
                0x0001c402       0x20 _build/nrf51422_xxac_hal_timer.c.o
                0x0001c402                HAL_TIMER_getEvent
 .text.HAL_TIMER_checkIntEn
                0x0001c422       0x32 _build/nrf51422_xxac_hal_timer.c.o
                0x0001c422                HAL_TIMER_checkIntEn
 .text.HAL_CLK_hfclkStart
                0x0001c454       0x3e _build/nrf51422_xxac_hal_clk.c.o
                0x0001c454                HAL_CLK_hfclkStart
 *fill*         0x0001c492        0x2 
 .text.HAL_CLK_hfclkCheckSrc
                0x0001c494       0x2c _build/nrf51422_xxac_hal_clk.c.o
 .text.HAL_SPI_setPins
                0x0001c4c0       0x38 _build/nrf51422_xxac_hal_spi.c.o
                0x0001c4c0                HAL_SPI_setPins
 .text.HAL_SPI_setFrequency
                0x0001c4f8       0x20 _build/nrf51422_xxac_hal_spi.c.o
                0x0001c4f8                HAL_SPI_setFrequency
 .text.HAL_SPI_setSpiConfiguration
                0x0001c518       0x68 _build/nrf51422_xxac_hal_spi.c.o
                0x0001c518                HAL_SPI_setSpiConfiguration
 .text.HAL_SPI_interruptEnable
                0x0001c580       0x1a _build/nrf51422_xxac_hal_spi.c.o
                0x0001c580                HAL_SPI_interruptEnable
 .text.HAL_SPI_enableSpi
                0x0001c59a       0x1a _build/nrf51422_xxac_hal_spi.c.o
                0x0001c59a                HAL_SPI_enableSpi
 .text._DoInit  0x0001c5b4       0xa0 _build/nrf51422_xxac_SEGGER_RTT.c.o
 .text._WriteBlocking
                0x0001c654       0xb4 _build/nrf51422_xxac_SEGGER_RTT.c.o
 .text._WriteNoCheck
                0x0001c708       0x80 _build/nrf51422_xxac_SEGGER_RTT.c.o
 .text._GetAvailWriteSpace
                0x0001c788       0x42 _build/nrf51422_xxac_SEGGER_RTT.c.o
 *fill*         0x0001c7ca        0x2 
 .text.SEGGER_RTT_WriteNoLock
                0x0001c7cc       0xb0 _build/nrf51422_xxac_SEGGER_RTT.c.o
                0x0001c7cc                SEGGER_RTT_WriteNoLock
 .text.SEGGER_RTT_Write
                0x0001c87c       0x58 _build/nrf51422_xxac_SEGGER_RTT.c.o
                0x0001c87c                SEGGER_RTT_Write
 .text.SEGGER_RTT_WriteString
                0x0001c8d4       0x2c _build/nrf51422_xxac_SEGGER_RTT.c.o
                0x0001c8d4                SEGGER_RTT_WriteString
 .text.SEGGER_RTT_Init
                0x0001c900       0x1c _build/nrf51422_xxac_SEGGER_RTT.c.o
                0x0001c900                SEGGER_RTT_Init
 .text.nrf_log_backend_init
                0x0001c91c       0x48 _build/nrf51422_xxac_nrf_log_backend_serial.c.o
                0x0001c91c                nrf_log_backend_init
 .text.nrf_log_blocking_backend_set
                0x0001c964       0x12 _build/nrf51422_xxac_nrf_log_frontend.c.o
                0x0001c964                nrf_log_blocking_backend_set
 *fill*         0x0001c976        0x2 
 .text.buf_prealloc
                0x0001c978      0x104 _build/nrf51422_xxac_nrf_log_frontend.c.o
 .text.nrf_log_frontend_std_0
                0x0001ca7c       0xc4 _build/nrf51422_xxac_nrf_log_frontend.c.o
                0x0001ca7c                nrf_log_frontend_std_0
 .text.buffer_is_empty
                0x0001cb40       0x20 _build/nrf51422_xxac_nrf_log_frontend.c.o
                0x0001cb40                buffer_is_empty
 .text.nrf_log_frontend_dequeue
                0x0001cb60      0x2e0 _build/nrf51422_xxac_nrf_log_frontend.c.o
                0x0001cb60                nrf_log_frontend_dequeue
 .text.app_error_handler_bare
                0x0001ce40       0x34 _build/nrf51422_xxac_app_error.c.o
                0x0001ce40                app_error_handler_bare
 .text.app_error_fault_handler
                0x0001ce74       0x2c _build/nrf51422_xxac_app_error_weak.c.o
                0x0001ce74                app_error_fault_handler
 .text.NVIC_EnableIRQ
                0x0001cea0       0x2c _build/nrf51422_xxac_nrf_drv_common.c.o
 .text.NVIC_ClearPendingIRQ
                0x0001cecc       0x30 _build/nrf51422_xxac_nrf_drv_common.c.o
 .text.NVIC_SetPriority
                0x0001cefc       0xdc _build/nrf51422_xxac_nrf_drv_common.c.o
 .text.SPI0_TWI0_IRQHandler
                0x0001cfd8       0x14 _build/nrf51422_xxac_nrf_drv_common.c.o
                0x0001cfd8                SPI0_TWI0_IRQHandler
 .text.nrf_drv_common_irq_enable
                0x0001cfec       0x44 _build/nrf51422_xxac_nrf_drv_common.c.o
                0x0001cfec                nrf_drv_common_irq_enable
 .text.nrf_gpiote_event_is_set
                0x0001d030       0x2a _build/nrf51422_xxac_nrf_drv_gpiote.c.o
 .text.nrf_gpiote_event_clear
                0x0001d05a       0x24 _build/nrf51422_xxac_nrf_drv_gpiote.c.o
 *fill*         0x0001d07e        0x2 
 .text.nrf_gpiote_event_addr_get
                0x0001d080       0x24 _build/nrf51422_xxac_nrf_drv_gpiote.c.o
 .text.nrf_gpiote_int_enable
                0x0001d0a4       0x20 _build/nrf51422_xxac_nrf_drv_gpiote.c.o
 .text.nrf_gpiote_int_is_enabled
                0x0001d0c4       0x20 _build/nrf51422_xxac_nrf_drv_gpiote.c.o
 .text.nrf_gpiote_event_enable
                0x0001d0e4       0x30 _build/nrf51422_xxac_nrf_drv_gpiote.c.o
 .text.nrf_gpiote_event_configure
                0x0001d114       0x70 _build/nrf51422_xxac_nrf_drv_gpiote.c.o
 .text.nrf_gpiote_event_pin_get
                0x0001d184       0x28 _build/nrf51422_xxac_nrf_drv_gpiote.c.o
 .text.nrf_gpiote_event_polarity_get
                0x0001d1ac       0x28 _build/nrf51422_xxac_nrf_drv_gpiote.c.o
 .text.nrf_gpio_pin_port_decode
                0x0001d1d4       0x14 _build/nrf51422_xxac_nrf_drv_gpiote.c.o
 .text.nrf_gpio_cfg
                0x0001d1e8       0x6a _build/nrf51422_xxac_nrf_drv_gpiote.c.o
 .text.nrf_gpio_cfg_input
                0x0001d252       0x2c _build/nrf51422_xxac_nrf_drv_gpiote.c.o
 .text.nrf_gpio_cfg_watcher
                0x0001d27e       0x3c _build/nrf51422_xxac_nrf_drv_gpiote.c.o
 *fill*         0x0001d2ba        0x2 
 .text.nrf_gpio_cfg_sense_set
                0x0001d2bc       0x64 _build/nrf51422_xxac_nrf_drv_gpiote.c.o
 .text.nrf_gpio_pin_read
                0x0001d320       0x30 _build/nrf51422_xxac_nrf_drv_gpiote.c.o
 .text.nrf_gpio_pin_sense_get
                0x0001d350       0x30 _build/nrf51422_xxac_nrf_drv_gpiote.c.o
 .text.nrf_gpio_port_in_read
                0x0001d380       0x18 _build/nrf51422_xxac_nrf_drv_gpiote.c.o
 .text.nrf_gpio_ports_read
                0x0001d398       0x56 _build/nrf51422_xxac_nrf_drv_gpiote.c.o
 .text.nrf_bitmask_bit_is_set
                0x0001d3ee       0x36 _build/nrf51422_xxac_nrf_drv_gpiote.c.o
 .text.nrf_bitmask_bit_set
                0x0001d424       0x46 _build/nrf51422_xxac_nrf_drv_gpiote.c.o
 *fill*         0x0001d46a        0x2 
 .text.pin_in_use_by_te
                0x0001d46c       0x48 _build/nrf51422_xxac_nrf_drv_gpiote.c.o
 .text.pin_in_use_by_port
                0x0001d4b4       0x30 _build/nrf51422_xxac_nrf_drv_gpiote.c.o
 .text.pin_in_use_by_gpiote
                0x0001d4e4       0x2c _build/nrf51422_xxac_nrf_drv_gpiote.c.o
 .text.pin_in_use_by_te_set
                0x0001d510       0x5c _build/nrf51422_xxac_nrf_drv_gpiote.c.o
 .text.pin_in_use_clear
                0x0001d56c       0x24 _build/nrf51422_xxac_nrf_drv_gpiote.c.o
 .text.channel_port_get
                0x0001d590       0x24 _build/nrf51422_xxac_nrf_drv_gpiote.c.o
 .text.channel_handler_get
                0x0001d5b4       0x1c _build/nrf51422_xxac_nrf_drv_gpiote.c.o
 .text.channel_port_alloc
                0x0001d5d0       0x84 _build/nrf51422_xxac_nrf_drv_gpiote.c.o
 .text.channel_free
                0x0001d654       0x40 _build/nrf51422_xxac_nrf_drv_gpiote.c.o
 .text.nrf_drv_gpiote_init
                0x0001d694       0x98 _build/nrf51422_xxac_nrf_drv_gpiote.c.o
                0x0001d694                nrf_drv_gpiote_init
 .text.nrf_drv_gpiote_in_init
                0x0001d72c       0xcc _build/nrf51422_xxac_nrf_drv_gpiote.c.o
                0x0001d72c                nrf_drv_gpiote_in_init
 .text.nrf_drv_gpiote_in_event_enable
                0x0001d7f8      0x104 _build/nrf51422_xxac_nrf_drv_gpiote.c.o
                0x0001d7f8                nrf_drv_gpiote_in_event_enable
 .text.GPIOTE_IRQHandler
                0x0001d8fc      0x34c _build/nrf51422_xxac_nrf_drv_gpiote.c.o
                0x0001d8fc                GPIOTE_IRQHandler
 .text          0x0001dc48       0x4c _build/nrf51422_xxac_gcc_startup_nrf51.S.o
                0x0001dc48                Reset_Handler
                0x0001dc88                NMI_Handler
                0x0001dc8a                HardFault_Handler
                0x0001dc8c                SVC_Handler
                0x0001dc8e                PendSV_Handler
                0x0001dc90                SysTick_Handler
                0x0001dc92                SWI4_IRQHandler
                0x0001dc92                TEMP_IRQHandler
                0x0001dc92                QDEC_IRQHandler
                0x0001dc92                LPCOMP_IRQHandler
                0x0001dc92                RADIO_IRQHandler
                0x0001dc92                SWI5_IRQHandler
                0x0001dc92                RTC0_IRQHandler
                0x0001dc92                SWI0_IRQHandler
                0x0001dc92                ECB_IRQHandler
                0x0001dc92                Default_Handler
                0x0001dc92                ADC_IRQHandler
                0x0001dc92                SWI3_IRQHandler
                0x0001dc92                CCM_AAR_IRQHandler
                0x0001dc92                WDT_IRQHandler
                0x0001dc92                UART0_IRQHandler
                0x0001dc92                RNG_IRQHandler
                0x0001dc92                SPI1_TWI1_IRQHandler
                0x0001dc92                RTC1_IRQHandler
                0x0001dc92                SWI1_IRQHandler
 .text.SystemInit
                0x0001dc94       0x74 _build/nrf51422_xxac_system_nrf51.c.o
                0x0001dc94                SystemInit
 .text.is_manual_peripheral_setup_needed
                0x0001dd08       0x80 _build/nrf51422_xxac_system_nrf51.c.o
 .text.is_disabled_in_debug_needed
                0x0001dd88       0x4c _build/nrf51422_xxac_system_nrf51.c.o
 .text.is_peripheral_domain_setup_needed
                0x0001ddd4       0x68 _build/nrf51422_xxac_system_nrf51.c.o
 .text.sd_evt_get
                0x0001de3c        0x8 _build/nrf51422_xxac_softdevice_handler.c.o
 .text.sd_ble_evt_get
                0x0001de44        0x8 _build/nrf51422_xxac_softdevice_handler.c.o
 .text.intern_softdevice_events_execute
                0x0001de4c      0x12c _build/nrf51422_xxac_softdevice_handler.c.o
                0x0001de4c                intern_softdevice_events_execute
 .text.SWI2_IRQHandler
                0x0001df78       0x3c _build/nrf51422_xxac_softdevice_handler.c.o
                0x0001df78                SWI2_IRQHandler
 .text.__sd_nvic_irq_disable
                0x0001dfb4       0x1e _build/nrf51422_xxac_app_util_platform.c.o
 .text.__sd_nvic_irq_enable
                0x0001dfd2        0xe _build/nrf51422_xxac_app_util_platform.c.o
 .text.sd_nvic_critical_region_enter
                0x0001dfe0       0x64 _build/nrf51422_xxac_app_util_platform.c.o
 .text.sd_nvic_critical_region_exit
                0x0001e044       0x50 _build/nrf51422_xxac_app_util_platform.c.o
 .text.app_util_critical_region_enter
                0x0001e094       0x18 _build/nrf51422_xxac_app_util_platform.c.o
                0x0001e094                app_util_critical_region_enter
 .text.app_util_critical_region_exit
                0x0001e0ac       0x1e _build/nrf51422_xxac_app_util_platform.c.o
                0x0001e0ac                app_util_critical_region_exit
 .text.nrf_clock_int_disable
                0x0001e0ca       0x1c _build/nrf51422_xxac_nrf_drv_clock.c.o
 .text.nrf_clock_event_clear
                0x0001e0e6       0x24 _build/nrf51422_xxac_nrf_drv_clock.c.o
 .text.nrf_clock_event_check
                0x0001e10a       0x28 _build/nrf51422_xxac_nrf_drv_clock.c.o
 .text.item_dequeue
                0x0001e132       0x26 _build/nrf51422_xxac_nrf_drv_clock.c.o
 .text.clock_clk_started_notify
                0x0001e158       0x50 _build/nrf51422_xxac_nrf_drv_clock.c.o
 .text.POWER_CLOCK_IRQHandler
                0x0001e1a8       0x64 _build/nrf51422_xxac_nrf_drv_clock.c.o
                0x0001e1a8                POWER_CLOCK_IRQHandler
 .text.nrf_drv_clock_on_soc_event
                0x0001e20c       0x1c _build/nrf51422_xxac_nrf_drv_clock.c.o
                0x0001e20c                nrf_drv_clock_on_soc_event
 .text.memcpy   0x0001e228       0x12 c:/program files (x86)/gnu arm embedded toolchain/9 2020-q2-update/bin/../lib/gcc/arm-none-eabi/9.3.1/../../../../arm-none-eabi/lib/thumb/v6-m/nofp\libc_nano.a(lib_a-memcpy-stub.o)
                0x0001e228                memcpy
 .text.strcpy   0x0001e23a       0x10 c:/program files (x86)/gnu arm embedded toolchain/9 2020-q2-update/bin/../lib/gcc/arm-none-eabi/9.3.1/../../../../arm-none-eabi/lib/thumb/v6-m/nofp\libc_nano.a(lib_a-strcpy.o)
                0x0001e23a                strcpy
 .text          0x0001e24a        0xe c:/program files (x86)/gnu arm embedded toolchain/9 2020-q2-update/bin/../lib/gcc/arm-none-eabi/9.3.1/../../../../arm-none-eabi/lib/thumb/v6-m/nofp\libc_nano.a(lib_a-strlen.o)
                0x0001e24a                strlen
 *(.init)
 .init          0x0001e258        0x4 c:/program files (x86)/gnu arm embedded toolchain/9 2020-q2-update/bin/../lib/gcc/arm-none-eabi/9.3.1/thumb/v6-m/nofp/crti.o
                0x0001e258                _init
 .init          0x0001e25c        0x8 c:/program files (x86)/gnu arm embedded toolchain/9 2020-q2-update/bin/../lib/gcc/arm-none-eabi/9.3.1/thumb/v6-m/nofp/crtn.o
 *(.fini)
 .fini          0x0001e264        0x4 c:/program files (x86)/gnu arm embedded toolchain/9 2020-q2-update/bin/../lib/gcc/arm-none-eabi/9.3.1/thumb/v6-m/nofp/crti.o
                0x0001e264                _fini
 .fini          0x0001e268        0x8 c:/program files (x86)/gnu arm embedded toolchain/9 2020-q2-update/bin/../lib/gcc/arm-none-eabi/9.3.1/thumb/v6-m/nofp/crtn.o
 *crtbegin.o(.ctors)
 *crtbegin?.o(.ctors)
 *(EXCLUDE_FILE(*crtend.o *crtend?.o) .ctors)
 *(SORT_BY_NAME(.ctors.*))
 *(.ctors)
 *crtbegin.o(.dtors)
 *crtbegin?.o(.dtors)
 *(EXCLUDE_FILE(*crtend.o *crtend?.o) .dtors)
 *(SORT_BY_NAME(.dtors.*))
 *(.dtors)
 *(.rodata*)
 .rodata._global_impure_ptr
                0x0001e270        0x4 c:/program files (x86)/gnu arm embedded toolchain/9 2020-q2-update/bin/../lib/gcc/arm-none-eabi/9.3.1/../../../../arm-none-eabi/lib/thumb/v6-m/nofp\libc_nano.a(lib_a-impure.o)
                0x0001e270                _global_impure_ptr
 .rodata        0x0001e274       0x20 _build/nrf51422_xxac_nrf51_muha.c.o
 .rodata.ecgADS1192RegAddr
                0x0001e294        0xc _build/nrf51422_xxac_bsp_ecg_ADS1192.c.o
 .rodata        0x0001e2a0        0x3 _build/nrf51422_xxac_bsp_ecg_ADS1192.c.o
 *fill*         0x0001e2a3        0x1 
 .rodata        0x0001e2a4       0x17 _build/nrf51422_xxac_SEGGER_RTT.c.o
 *fill*         0x0001e2bb        0x1 
 .rodata        0x0001e2bc        0xb _build/nrf51422_xxac_nrf_log_frontend.c.o
 *fill*         0x0001e2c7        0x1 
 .rodata        0x0001e2c8       0x18 _build/nrf51422_xxac_app_error_weak.c.o
 *(.eh_frame*)
 .eh_frame      0x0001e2e0        0x0 c:/program files (x86)/gnu arm embedded toolchain/9 2020-q2-update/bin/../lib/gcc/arm-none-eabi/9.3.1/thumb/v6-m/nofp/crtbegin.o
 .eh_frame      0x0001e2e0        0x4 c:/program files (x86)/gnu arm embedded toolchain/9 2020-q2-update/bin/../lib/gcc/arm-none-eabi/9.3.1/thumb/v6-m/nofp/crtend.o

.glue_7         0x0001e2e4        0x0
 .glue_7        0x0001e2e4        0x0 linker stubs

.glue_7t        0x0001e2e4        0x0
 .glue_7t       0x0001e2e4        0x0 linker stubs

.vfp11_veneer   0x0001e2e4        0x0
 .vfp11_veneer  0x0001e2e4        0x0 linker stubs

.v4_bx          0x0001e2e4        0x0
 .v4_bx         0x0001e2e4        0x0 linker stubs

.iplt           0x0001e2e4        0x0
 .iplt          0x0001e2e4        0x0 c:/program files (x86)/gnu arm embedded toolchain/9 2020-q2-update/bin/../lib/gcc/arm-none-eabi/9.3.1/thumb/v6-m/nofp/crtbegin.o

.ARM.extab
 *(.ARM.extab* .gnu.linkonce.armextab.*)
                0x0001e2e4                __exidx_start = .

.ARM.exidx      0x0001e2e4        0x8
 *(.ARM.exidx* .gnu.linkonce.armexidx.*)
 .ARM.exidx     0x0001e2e4        0x8 c:/program files (x86)/gnu arm embedded toolchain/9 2020-q2-update/bin/../lib/gcc/arm-none-eabi/9.3.1/../../../../arm-none-eabi/lib/thumb/v6-m/nofp/crt0.o
                                 0x10 (size before relaxing)
                0x0001e2ec                __exidx_end = .
                0x0001e2ec                __etext = .

.rel.dyn        0x0001e2ec        0x0
 .rel.iplt      0x0001e2ec        0x0 c:/program files (x86)/gnu arm embedded toolchain/9 2020-q2-update/bin/../lib/gcc/arm-none-eabi/9.3.1/thumb/v6-m/nofp/crtbegin.o

.data           0x200013c8       0xc8 load address 0x0001e2ec
                0x200013c8                __data_start__ = .
 *(vtable)
 *(.data*)
 .data.impure_data
                0x200013c8       0x60 c:/program files (x86)/gnu arm embedded toolchain/9 2020-q2-update/bin/../lib/gcc/arm-none-eabi/9.3.1/../../../../arm-none-eabi/lib/thumb/v6-m/nofp\libc_nano.a(lib_a-impure.o)
 .data.ecgDeviceConfig
                0x20001428        0xc _build/nrf51422_xxac_cfg_bsp_ecg_ADS1192.c.o
                0x20001428                ecgDeviceConfig
 .data.configTimer1
                0x20001434       0x10 _build/nrf51422_xxac_cfg_drv_timer.c.o
                0x20001434                configTimer1
 .data.configSpi0
                0x20001444       0x24 _build/nrf51422_xxac_cfg_drv_spi.c.o
                0x20001444                configSpi0
 .data.instanceSpi0
                0x20001468        0xc _build/nrf51422_xxac_cfg_drv_spi.c.o
                0x20001468                instanceSpi0
 .data.timerInstances
                0x20001474        0xc _build/nrf51422_xxac_drv_timer.c.o
 .data.m_overflow_info
                0x20001480        0x4 _build/nrf51422_xxac_nrf_log_frontend.c.o
 .data.SystemCoreClock
                0x20001484        0x4 _build/nrf51422_xxac_system_nrf51.c.o
                0x20001484                SystemCoreClock
                0x20001488                . = ALIGN (0x4)
                0x20001488                PROVIDE (__preinit_array_start = .)
 *(.preinit_array)
                0x20001488                PROVIDE (__preinit_array_end = .)
                0x20001488                . = ALIGN (0x4)
                0x20001488                PROVIDE (__init_array_start = .)
 *(SORT_BY_NAME(.init_array.*))
 *(.init_array)
 .init_array    0x20001488        0x4 c:/program files (x86)/gnu arm embedded toolchain/9 2020-q2-update/bin/../lib/gcc/arm-none-eabi/9.3.1/thumb/v6-m/nofp/crtbegin.o
                0x2000148c                PROVIDE (__init_array_end = .)
                0x2000148c                . = ALIGN (0x4)
                [!provide]                PROVIDE (__fini_array_start = .)
 *(SORT_BY_NAME(.fini_array.*))
 *(.fini_array)
 .fini_array    0x2000148c        0x4 c:/program files (x86)/gnu arm embedded toolchain/9 2020-q2-update/bin/../lib/gcc/arm-none-eabi/9.3.1/thumb/v6-m/nofp/crtbegin.o
                [!provide]                PROVIDE (__fini_array_end = .)
 *(.jcr*)
                0x20001490                . = ALIGN (0x4)
                0x20001490                __data_end__ = .
LOAD c:/program files (x86)/gnu arm embedded toolchain/9 2020-q2-update/bin/../lib/gcc/arm-none-eabi/9.3.1/thumb/v6-m/nofp/crti.o
LOAD c:/program files (x86)/gnu arm embedded toolchain/9 2020-q2-update/bin/../lib/gcc/arm-none-eabi/9.3.1/thumb/v6-m/nofp/crtbegin.o
LOAD c:/program files (x86)/gnu arm embedded toolchain/9 2020-q2-update/bin/../lib/gcc/arm-none-eabi/9.3.1/../../../../arm-none-eabi/lib/thumb/v6-m/nofp/crt0.o
LOAD c:/program files (x86)/gnu arm embedded toolchain/9 2020-q2-update/bin/../lib/gcc/arm-none-eabi/9.3.1/../../../../arm-none-eabi/lib/thumb/v6-m/nofp\libc_nano.a
LOAD c:/program files (x86)/gnu arm embedded toolchain/9 2020-q2-update/bin/../lib/gcc/arm-none-eabi/9.3.1/../../../../arm-none-eabi/lib/thumb/v6-m/nofp\libnosys.a
LOAD _build/nrf51422_xxac_main.c.o
LOAD _build/nrf51422_xxac_nrf51_muha.c.o
LOAD _build/nrf51422_xxac_bsp_ecg_ADS1192.c.o
LOAD _build/nrf51422_xxac_cfg_bsp_ecg_ADS1192.c.o
LOAD _build/nrf51422_xxac_cfg_drv_timer.c.o
LOAD _build/nrf51422_xxac_cfg_drv_spi.c.o
LOAD _build/nrf51422_xxac_drv_common.c.o
LOAD _build/nrf51422_xxac_drv_timer.c.o
LOAD _build/nrf51422_xxac_drv_spi.c.o
LOAD _build/nrf51422_xxac_hal_timer.c.o
LOAD _build/nrf51422_xxac_hal_clk.c.o
LOAD _build/nrf51422_xxac_hal_spi.c.o
LOAD _build/nrf51422_xxac_RTT_Syscalls_GCC.c.o
LOAD _build/nrf51422_xxac_SEGGER_RTT_printf.c.o
LOAD _build/nrf51422_xxac_SEGGER_RTT.c.o
LOAD _build/nrf51422_xxac_nrf_log_backend_serial.c.o
LOAD _build/nrf51422_xxac_nrf_log_frontend.c.o
LOAD _build/nrf51422_xxac_app_error.c.o
LOAD _build/nrf51422_xxac_app_error_weak.c.o
LOAD _build/nrf51422_xxac_nrf_assert.c.o
LOAD _build/nrf51422_xxac_sdk_errors.c.o
LOAD _build/nrf51422_xxac_nrf_drv_common.c.o
LOAD _build/nrf51422_xxac_nrf_drv_gpiote.c.o
LOAD _build/nrf51422_xxac_gcc_startup_nrf51.S.o
LOAD _build/nrf51422_xxac_system_nrf51.c.o
LOAD _build/nrf51422_xxac_softdevice_handler.c.o
LOAD _build/nrf51422_xxac_softdevice_handler_appsh.c.o
LOAD _build/nrf51422_xxac_app_util_platform.c.o
LOAD _build/nrf51422_xxac_hardfault_implementation.c.o
LOAD _build/nrf51422_xxac_sdk_mapped_flags.c.o
LOAD _build/nrf51422_xxac_nrf_drv_clock.c.o
LOAD c:/program files (x86)/gnu arm embedded toolchain/9 2020-q2-update/bin/../lib/gcc/arm-none-eabi/9.3.1/../../../../arm-none-eabi/lib/thumb/v6-m/nofp\libm.a
START GROUP
LOAD c:/program files (x86)/gnu arm embedded toolchain/9 2020-q2-update/bin/../lib/gcc/arm-none-eabi/9.3.1/thumb/v6-m/nofp\libgcc.a
LOAD c:/program files (x86)/gnu arm embedded toolchain/9 2020-q2-update/bin/../lib/gcc/arm-none-eabi/9.3.1/../../../../arm-none-eabi/lib/thumb/v6-m/nofp\libc_nano.a
END GROUP
START GROUP
LOAD c:/program files (x86)/gnu arm embedded toolchain/9 2020-q2-update/bin/../lib/gcc/arm-none-eabi/9.3.1/thumb/v6-m/nofp\libgcc.a
LOAD c:/program files (x86)/gnu arm embedded toolchain/9 2020-q2-update/bin/../lib/gcc/arm-none-eabi/9.3.1/../../../../arm-none-eabi/lib/thumb/v6-m/nofp\libc_nano.a
END GROUP
LOAD c:/program files (x86)/gnu arm embedded toolchain/9 2020-q2-update/bin/../lib/gcc/arm-none-eabi/9.3.1/thumb/v6-m/nofp/crtend.o
LOAD c:/program files (x86)/gnu arm embedded toolchain/9 2020-q2-update/bin/../lib/gcc/arm-none-eabi/9.3.1/thumb/v6-m/nofp/crtn.o
START GROUP
LOAD c:/program files (x86)/gnu arm embedded toolchain/9 2020-q2-update/bin/../lib/gcc/arm-none-eabi/9.3.1/thumb/v6-m/nofp\libgcc.a
LOAD c:/program files (x86)/gnu arm embedded toolchain/9 2020-q2-update/bin/../lib/gcc/arm-none-eabi/9.3.1/../../../../arm-none-eabi/lib/thumb/v6-m/nofp\libc.a
LOAD c:/program files (x86)/gnu arm embedded toolchain/9 2020-q2-update/bin/../lib/gcc/arm-none-eabi/9.3.1/../../../../arm-none-eabi/lib/thumb/v6-m/nofp\libnosys.a
END GROUP

.igot.plt       0x20001490        0x0 load address 0x0001e3b4
 .igot.plt      0x20001490        0x0 c:/program files (x86)/gnu arm embedded toolchain/9 2020-q2-update/bin/../lib/gcc/arm-none-eabi/9.3.1/thumb/v6-m/nofp/crtbegin.o

.fs_data        0x20001490        0x0
                [!provide]                PROVIDE (__start_fs_data = .)
 *(.fs_data)
                [!provide]                PROVIDE (__stop_fs_data = .)

.pwr_mgmt_data  0x20001490        0x0
                [!provide]                PROVIDE (__start_pwr_mgmt_data = .)
 *(.pwr_mgmt_data)
                [!provide]                PROVIDE (__stop_pwr_mgmt_data = .)

.bss            0x20001490      0x780 load address 0x0001e3b4
                0x20001490                . = ALIGN (0x4)
                0x20001490                __bss_start__ = .
 *(.bss*)
 .bss           0x20001490       0x1c c:/program files (x86)/gnu arm embedded toolchain/9 2020-q2-update/bin/../lib/gcc/arm-none-eabi/9.3.1/thumb/v6-m/nofp/crtbegin.o
 .bss.DRV_TIMER_isInit
                0x200014ac        0x3 _build/nrf51422_xxac_drv_timer.c.o
 *fill*         0x200014af        0x1 
 .bss.DRV_TIMER_controlBlock
                0x200014b0       0x18 _build/nrf51422_xxac_drv_timer.c.o
 .bss.DRV_SPI_controlBlock
                0x200014c8       0x10 _build/nrf51422_xxac_drv_spi.c.o
 .bss._acUpBuffer
                0x200014d8      0x200 _build/nrf51422_xxac_SEGGER_RTT.c.o
 .bss._acDownBuffer
                0x200016d8       0x10 _build/nrf51422_xxac_SEGGER_RTT.c.o
 .bss.m_initialized
                0x200016e8        0x1 _build/nrf51422_xxac_nrf_log_backend_serial.c.o
 .bss.m_blocking_mode
                0x200016e9        0x1 _build/nrf51422_xxac_nrf_log_backend_serial.c.o
 *fill*         0x200016ea        0x2 
 .bss.m_log_data
                0x200016ec      0x418 _build/nrf51422_xxac_nrf_log_frontend.c.o
 .bss.m_serial_box_0
                0x20001b04        0x8 _build/nrf51422_xxac_nrf_drv_common.c.o
 .bss.m_cb      0x20001b0c       0x48 _build/nrf51422_xxac_nrf_drv_gpiote.c.o
 .bss.m_evt_schedule_func
                0x20001b54        0x4 _build/nrf51422_xxac_softdevice_handler.c.o
 .bss.m_softdevice_enabled
                0x20001b58        0x1 _build/nrf51422_xxac_softdevice_handler.c.o
 .bss.m_suspended
                0x20001b59        0x1 _build/nrf51422_xxac_softdevice_handler.c.o
 *fill*         0x20001b5a        0x2 
 .bss.mp_ble_evt_buffer
                0x20001b5c        0x4 _build/nrf51422_xxac_softdevice_handler.c.o
 .bss.m_ble_evt_buffer_size
                0x20001b60        0x2 _build/nrf51422_xxac_softdevice_handler.c.o
 *fill*         0x20001b62        0x2 
 .bss.m_ble_evt_handler
                0x20001b64        0x4 _build/nrf51422_xxac_softdevice_handler.c.o
 .bss.m_sys_evt_handler
                0x20001b68        0x4 _build/nrf51422_xxac_softdevice_handler.c.o
 .bss.m_clock_cb
                0x20001b6c       0x14 _build/nrf51422_xxac_nrf_drv_clock.c.o
 *(COMMON)
 COMMON         0x20001b80        0x8 _build/nrf51422_xxac_cfg_bsp_ecg_ADS1192.c.o
                0x20001b80                ecgDevice
 COMMON         0x20001b88        0x8 _build/nrf51422_xxac_cfg_drv_timer.c.o
                0x20001b88                instanceTimer1
 COMMON         0x20001b90       0x78 _build/nrf51422_xxac_SEGGER_RTT.c.o
                0x20001b90                _SEGGER_RTT
 COMMON         0x20001c08        0x8 _build/nrf51422_xxac_app_util_platform.c.o
                0x20001c08                nrf_nvic_state
                0x20001c10                . = ALIGN (0x4)
                0x20001c10                __bss_end__ = .

.heap           0x20001c10        0x0
                0x20001c10                __HeapBase = .
                0x20001c10                __end__ = .
                0x20001c10                PROVIDE (end = .)
 *(.heap*)
 .heap          0x20001c10        0x0 _build/nrf51422_xxac_gcc_startup_nrf51.S.o
                0x20001c10                __HeapLimit = .

.stack_dummy    0x20001c10      0x800
 *(.stack*)
 .stack         0x20001c10      0x800 _build/nrf51422_xxac_gcc_startup_nrf51.S.o
                0x20008000                __StackTop = (ORIGIN (RAM) + LENGTH (RAM))
                0x20007800                __StackLimit = (__StackTop - SIZEOF (.stack_dummy))
                0x20008000                PROVIDE (__stack = __StackTop)
                0x00000001                ASSERT ((__StackLimit >= __HeapLimit), region RAM overflowed with stack)
OUTPUT(_build/nrf51422_xxac.out elf32-littlearm)
LOAD linker stubs

.ARM.attributes
                0x00000000       0x28
 .ARM.attributes
                0x00000000       0x1e c:/program files (x86)/gnu arm embedded toolchain/9 2020-q2-update/bin/../lib/gcc/arm-none-eabi/9.3.1/thumb/v6-m/nofp/crti.o
 .ARM.attributes
                0x0000001e       0x2c c:/program files (x86)/gnu arm embedded toolchain/9 2020-q2-update/bin/../lib/gcc/arm-none-eabi/9.3.1/thumb/v6-m/nofp/crtbegin.o
 .ARM.attributes
                0x0000004a       0x1b c:/program files (x86)/gnu arm embedded toolchain/9 2020-q2-update/bin/../lib/gcc/arm-none-eabi/9.3.1/../../../../arm-none-eabi/lib/thumb/v6-m/nofp/crt0.o
 .ARM.attributes
                0x00000065       0x2c c:/program files (x86)/gnu arm embedded toolchain/9 2020-q2-update/bin/../lib/gcc/arm-none-eabi/9.3.1/../../../../arm-none-eabi/lib/thumb/v6-m/nofp\libc_nano.a(lib_a-exit.o)
 .ARM.attributes
                0x00000091       0x2c c:/program files (x86)/gnu arm embedded toolchain/9 2020-q2-update/bin/../lib/gcc/arm-none-eabi/9.3.1/../../../../arm-none-eabi/lib/thumb/v6-m/nofp\libc_nano.a(lib_a-impure.o)
 .ARM.attributes
                0x000000bd       0x2c c:/program files (x86)/gnu arm embedded toolchain/9 2020-q2-update/bin/../lib/gcc/arm-none-eabi/9.3.1/../../../../arm-none-eabi/lib/thumb/v6-m/nofp\libc_nano.a(lib_a-init.o)
 .ARM.attributes
                0x000000e9       0x2c c:/program files (x86)/gnu arm embedded toolchain/9 2020-q2-update/bin/../lib/gcc/arm-none-eabi/9.3.1/../../../../arm-none-eabi/lib/thumb/v6-m/nofp\libc_nano.a(lib_a-memset.o)
 .ARM.attributes
                0x00000115       0x2c c:/program files (x86)/gnu arm embedded toolchain/9 2020-q2-update/bin/../lib/gcc/arm-none-eabi/9.3.1/../../../../arm-none-eabi/lib/thumb/v6-m/nofp\libnosys.a(_exit.o)
 .ARM.attributes
                0x00000141       0x2c _build/nrf51422_xxac_main.c.o
 .ARM.attributes
                0x0000016d       0x2c _build/nrf51422_xxac_nrf51_muha.c.o
 .ARM.attributes
                0x00000199       0x2c _build/nrf51422_xxac_bsp_ecg_ADS1192.c.o
 .ARM.attributes
                0x000001c5       0x31 _build/nrf51422_xxac_cfg_bsp_ecg_ADS1192.c.o
 .ARM.attributes
                0x000001f6       0x31 _build/nrf51422_xxac_cfg_drv_timer.c.o
 .ARM.attributes
                0x00000227       0x31 _build/nrf51422_xxac_cfg_drv_spi.c.o
 .ARM.attributes
                0x00000258       0x2c _build/nrf51422_xxac_drv_common.c.o
 .ARM.attributes
                0x00000284       0x2c _build/nrf51422_xxac_drv_timer.c.o
 .ARM.attributes
                0x000002b0       0x2c _build/nrf51422_xxac_drv_spi.c.o
 .ARM.attributes
                0x000002dc       0x2c _build/nrf51422_xxac_hal_timer.c.o
 .ARM.attributes
                0x00000308       0x2c _build/nrf51422_xxac_hal_clk.c.o
 .ARM.attributes
                0x00000334       0x2c _build/nrf51422_xxac_hal_spi.c.o
 .ARM.attributes
                0x00000360       0x2c _build/nrf51422_xxac_SEGGER_RTT.c.o
 .ARM.attributes
                0x0000038c       0x2c _build/nrf51422_xxac_nrf_log_backend_serial.c.o
 .ARM.attributes
                0x000003b8       0x2c _build/nrf51422_xxac_nrf_log_frontend.c.o
 .ARM.attributes
                0x000003e4       0x2c _build/nrf51422_xxac_app_error.c.o
 .ARM.attributes
                0x00000410       0x2c _build/nrf51422_xxac_app_error_weak.c.o
 .ARM.attributes
                0x0000043c       0x2c _build/nrf51422_xxac_nrf_drv_common.c.o
 .ARM.attributes
                0x00000468       0x2c _build/nrf51422_xxac_nrf_drv_gpiote.c.o
 .ARM.attributes
                0x00000494       0x1b _build/nrf51422_xxac_gcc_startup_nrf51.S.o
 .ARM.attributes
                0x000004af       0x2c _build/nrf51422_xxac_system_nrf51.c.o
 .ARM.attributes
                0x000004db       0x2c _build/nrf51422_xxac_softdevice_handler.c.o
 .ARM.attributes
                0x00000507       0x2c _build/nrf51422_xxac_app_util_platform.c.o
 .ARM.attributes
                0x00000533       0x2c _build/nrf51422_xxac_nrf_drv_clock.c.o
 .ARM.attributes
                0x0000055f       0x2c c:/program files (x86)/gnu arm embedded toolchain/9 2020-q2-update/bin/../lib/gcc/arm-none-eabi/9.3.1/../../../../arm-none-eabi/lib/thumb/v6-m/nofp\libc_nano.a(lib_a-memcpy-stub.o)
 .ARM.attributes
                0x0000058b       0x2c c:/program files (x86)/gnu arm embedded toolchain/9 2020-q2-update/bin/../lib/gcc/arm-none-eabi/9.3.1/../../../../arm-none-eabi/lib/thumb/v6-m/nofp\libc_nano.a(lib_a-strcpy.o)
 .ARM.attributes
                0x000005b7       0x1c c:/program files (x86)/gnu arm embedded toolchain/9 2020-q2-update/bin/../lib/gcc/arm-none-eabi/9.3.1/../../../../arm-none-eabi/lib/thumb/v6-m/nofp\libc_nano.a(lib_a-strlen.o)
 .ARM.attributes
                0x000005d3       0x2c c:/program files (x86)/gnu arm embedded toolchain/9 2020-q2-update/bin/../lib/gcc/arm-none-eabi/9.3.1/thumb/v6-m/nofp/crtend.o
 .ARM.attributes
                0x000005ff       0x1e c:/program files (x86)/gnu arm embedded toolchain/9 2020-q2-update/bin/../lib/gcc/arm-none-eabi/9.3.1/thumb/v6-m/nofp/crtn.o

.comment        0x00000000       0x4c
 .comment       0x00000000       0x4c _build/nrf51422_xxac_main.c.o
                                 0x4d (size before relaxing)
 .comment       0x0000004c       0x4d _build/nrf51422_xxac_nrf51_muha.c.o
 .comment       0x0000004c       0x4d _build/nrf51422_xxac_bsp_ecg_ADS1192.c.o
 .comment       0x0000004c       0x4d _build/nrf51422_xxac_cfg_bsp_ecg_ADS1192.c.o
 .comment       0x0000004c       0x4d _build/nrf51422_xxac_cfg_drv_timer.c.o
 .comment       0x0000004c       0x4d _build/nrf51422_xxac_cfg_drv_spi.c.o
 .comment       0x0000004c       0x4d _build/nrf51422_xxac_drv_common.c.o
 .comment       0x0000004c       0x4d _build/nrf51422_xxac_drv_timer.c.o
 .comment       0x0000004c       0x4d _build/nrf51422_xxac_drv_spi.c.o
 .comment       0x0000004c       0x4d _build/nrf51422_xxac_hal_timer.c.o
 .comment       0x0000004c       0x4d _build/nrf51422_xxac_hal_clk.c.o
 .comment       0x0000004c       0x4d _build/nrf51422_xxac_hal_spi.c.o
 .comment       0x0000004c       0x4d _build/nrf51422_xxac_SEGGER_RTT.c.o
 .comment       0x0000004c       0x4d _build/nrf51422_xxac_nrf_log_backend_serial.c.o
 .comment       0x0000004c       0x4d _build/nrf51422_xxac_nrf_log_frontend.c.o
 .comment       0x0000004c       0x4d _build/nrf51422_xxac_app_error.c.o
 .comment       0x0000004c       0x4d _build/nrf51422_xxac_app_error_weak.c.o
 .comment       0x0000004c       0x4d _build/nrf51422_xxac_nrf_drv_common.c.o
 .comment       0x0000004c       0x4d _build/nrf51422_xxac_nrf_drv_gpiote.c.o
 .comment       0x0000004c       0x4d _build/nrf51422_xxac_system_nrf51.c.o
 .comment       0x0000004c       0x4d _build/nrf51422_xxac_softdevice_handler.c.o
 .comment       0x0000004c       0x4d _build/nrf51422_xxac_app_util_platform.c.o
 .comment       0x0000004c       0x4d _build/nrf51422_xxac_nrf_drv_clock.c.o

.debug_frame    0x00000000     0x4ebc
 .debug_frame   0x00000000       0x28 c:/program files (x86)/gnu arm embedded toolchain/9 2020-q2-update/bin/../lib/gcc/arm-none-eabi/9.3.1/../../../../arm-none-eabi/lib/thumb/v6-m/nofp\libc_nano.a(lib_a-exit.o)
 .debug_frame   0x00000028       0x2c c:/program files (x86)/gnu arm embedded toolchain/9 2020-q2-update/bin/../lib/gcc/arm-none-eabi/9.3.1/../../../../arm-none-eabi/lib/thumb/v6-m/nofp\libc_nano.a(lib_a-init.o)
 .debug_frame   0x00000054       0x20 c:/program files (x86)/gnu arm embedded toolchain/9 2020-q2-update/bin/../lib/gcc/arm-none-eabi/9.3.1/../../../../arm-none-eabi/lib/thumb/v6-m/nofp\libc_nano.a(lib_a-memset.o)
 .debug_frame   0x00000074       0x20 c:/program files (x86)/gnu arm embedded toolchain/9 2020-q2-update/bin/../lib/gcc/arm-none-eabi/9.3.1/../../../../arm-none-eabi/lib/thumb/v6-m/nofp\libnosys.a(_exit.o)
 .debug_frame   0x00000094       0x30 _build/nrf51422_xxac_main.c.o
 .debug_frame   0x000000c4      0x3b4 _build/nrf51422_xxac_nrf51_muha.c.o
 .debug_frame   0x00000478      0x54c _build/nrf51422_xxac_bsp_ecg_ADS1192.c.o
 .debug_frame   0x000009c4       0x90 _build/nrf51422_xxac_drv_common.c.o
 .debug_frame   0x00000a54      0x1e8 _build/nrf51422_xxac_drv_timer.c.o
 .debug_frame   0x00000c3c      0x1b0 _build/nrf51422_xxac_drv_spi.c.o
 .debug_frame   0x00000dec      0x1b0 _build/nrf51422_xxac_hal_timer.c.o
 .debug_frame   0x00000f9c       0x8c _build/nrf51422_xxac_hal_clk.c.o
 .debug_frame   0x00001028       0xb0 _build/nrf51422_xxac_hal_spi.c.o
 .debug_frame   0x000010d8      0x56c _build/nrf51422_xxac_SEGGER_RTT.c.o
 .debug_frame   0x00001644      0x43c _build/nrf51422_xxac_nrf_log_backend_serial.c.o
 .debug_frame   0x00001a80      0x504 _build/nrf51422_xxac_nrf_log_frontend.c.o
 .debug_frame   0x00001f84      0x310 _build/nrf51422_xxac_app_error.c.o
 .debug_frame   0x00002294      0x2d0 _build/nrf51422_xxac_app_error_weak.c.o
 .debug_frame   0x00002564      0x408 _build/nrf51422_xxac_nrf_drv_common.c.o
 .debug_frame   0x0000296c      0xb38 _build/nrf51422_xxac_nrf_drv_gpiote.c.o
 .debug_frame   0x000034a4       0x9c _build/nrf51422_xxac_system_nrf51.c.o
 .debug_frame   0x00003540      0xa7c _build/nrf51422_xxac_softdevice_handler.c.o
 .debug_frame   0x00003fbc      0x3a4 _build/nrf51422_xxac_app_util_platform.c.o
 .debug_frame   0x00004360      0xb14 _build/nrf51422_xxac_nrf_drv_clock.c.o
 .debug_frame   0x00004e74       0x28 c:/program files (x86)/gnu arm embedded toolchain/9 2020-q2-update/bin/../lib/gcc/arm-none-eabi/9.3.1/../../../../arm-none-eabi/lib/thumb/v6-m/nofp\libc_nano.a(lib_a-memcpy-stub.o)
 .debug_frame   0x00004e9c       0x20 c:/program files (x86)/gnu arm embedded toolchain/9 2020-q2-update/bin/../lib/gcc/arm-none-eabi/9.3.1/../../../../arm-none-eabi/lib/thumb/v6-m/nofp\libc_nano.a(lib_a-strcpy.o)

.debug_info     0x00000000    0x256f0
 .debug_info    0x00000000       0x99 _build/nrf51422_xxac_main.c.o
 .debug_info    0x00000099     0x2417 _build/nrf51422_xxac_nrf51_muha.c.o
 .debug_info    0x000024b0     0x29bc _build/nrf51422_xxac_bsp_ecg_ADS1192.c.o
 .debug_info    0x00004e6c      0xdad _build/nrf51422_xxac_cfg_bsp_ecg_ADS1192.c.o
 .debug_info    0x00005c19      0xdfd _build/nrf51422_xxac_cfg_drv_timer.c.o
 .debug_info    0x00006a16      0xe7b _build/nrf51422_xxac_cfg_drv_spi.c.o
 .debug_info    0x00007891      0x412 _build/nrf51422_xxac_drv_common.c.o
 .debug_info    0x00007ca3     0x1402 _build/nrf51422_xxac_drv_timer.c.o
 .debug_info    0x000090a5     0x15b8 _build/nrf51422_xxac_drv_spi.c.o
 .debug_info    0x0000a65d     0x1040 _build/nrf51422_xxac_hal_timer.c.o
 .debug_info    0x0000b69d      0x372 _build/nrf51422_xxac_hal_clk.c.o
 .debug_info    0x0000ba0f      0xd64 _build/nrf51422_xxac_hal_spi.c.o
 .debug_info    0x0000c773     0x2071 _build/nrf51422_xxac_SEGGER_RTT.c.o
 .debug_info    0x0000e7e4     0x1c26 _build/nrf51422_xxac_nrf_log_backend_serial.c.o
 .debug_info    0x0001040a     0x22e6 _build/nrf51422_xxac_nrf_log_frontend.c.o
 .debug_info    0x000126f0     0x17f4 _build/nrf51422_xxac_app_error.c.o
 .debug_info    0x00013ee4     0x15f2 _build/nrf51422_xxac_app_error_weak.c.o
 .debug_info    0x000154d6     0x1cb9 _build/nrf51422_xxac_nrf_drv_common.c.o
 .debug_info    0x0001718f     0x2e12 _build/nrf51422_xxac_nrf_drv_gpiote.c.o
 .debug_info    0x00019fa1      0x1de _build/nrf51422_xxac_system_nrf51.c.o
 .debug_info    0x0001a17f     0x5527 _build/nrf51422_xxac_softdevice_handler.c.o
 .debug_info    0x0001f6a6     0x192c _build/nrf51422_xxac_app_util_platform.c.o
 .debug_info    0x00020fd2     0x471e _build/nrf51422_xxac_nrf_drv_clock.c.o

.debug_abbrev   0x00000000     0x434b
 .debug_abbrev  0x00000000       0x89 _build/nrf51422_xxac_main.c.o
 .debug_abbrev  0x00000089      0x361 _build/nrf51422_xxac_nrf51_muha.c.o
 .debug_abbrev  0x000003ea      0x40a _build/nrf51422_xxac_bsp_ecg_ADS1192.c.o
 .debug_abbrev  0x000007f4      0x20a _build/nrf51422_xxac_cfg_bsp_ecg_ADS1192.c.o
 .debug_abbrev  0x000009fe      0x211 _build/nrf51422_xxac_cfg_drv_timer.c.o
 .debug_abbrev  0x00000c0f      0x236 _build/nrf51422_xxac_cfg_drv_spi.c.o
 .debug_abbrev  0x00000e45      0x18d _build/nrf51422_xxac_drv_common.c.o
 .debug_abbrev  0x00000fd2      0x324 _build/nrf51422_xxac_drv_timer.c.o
 .debug_abbrev  0x000012f6      0x306 _build/nrf51422_xxac_drv_spi.c.o
 .debug_abbrev  0x000015fc      0x2aa _build/nrf51422_xxac_hal_timer.c.o
 .debug_abbrev  0x000018a6      0x103 _build/nrf51422_xxac_hal_clk.c.o
 .debug_abbrev  0x000019a9      0x270 _build/nrf51422_xxac_hal_spi.c.o
 .debug_abbrev  0x00001c19      0x381 _build/nrf51422_xxac_SEGGER_RTT.c.o
 .debug_abbrev  0x00001f9a      0x39d _build/nrf51422_xxac_nrf_log_backend_serial.c.o
 .debug_abbrev  0x00002337      0x3ec _build/nrf51422_xxac_nrf_log_frontend.c.o
 .debug_abbrev  0x00002723      0x2c7 _build/nrf51422_xxac_app_error.c.o
 .debug_abbrev  0x000029ea      0x292 _build/nrf51422_xxac_app_error_weak.c.o
 .debug_abbrev  0x00002c7c      0x38f _build/nrf51422_xxac_nrf_drv_common.c.o
 .debug_abbrev  0x0000300b      0x472 _build/nrf51422_xxac_nrf_drv_gpiote.c.o
 .debug_abbrev  0x0000347d      0x115 _build/nrf51422_xxac_system_nrf51.c.o
 .debug_abbrev  0x00003592      0x4ce _build/nrf51422_xxac_softdevice_handler.c.o
 .debug_abbrev  0x00003a60      0x3be _build/nrf51422_xxac_app_util_platform.c.o
 .debug_abbrev  0x00003e1e      0x52d _build/nrf51422_xxac_nrf_drv_clock.c.o

.debug_aranges  0x00000000     0x1f70
 .debug_aranges
                0x00000000       0x20 _build/nrf51422_xxac_main.c.o
 .debug_aranges
                0x00000020      0x1a8 _build/nrf51422_xxac_nrf51_muha.c.o
 .debug_aranges
                0x000001c8      0x208 _build/nrf51422_xxac_bsp_ecg_ADS1192.c.o
 .debug_aranges
                0x000003d0       0x18 _build/nrf51422_xxac_cfg_bsp_ecg_ADS1192.c.o
 .debug_aranges
                0x000003e8       0x18 _build/nrf51422_xxac_cfg_drv_timer.c.o
 .debug_aranges
                0x00000400       0x18 _build/nrf51422_xxac_cfg_drv_spi.c.o
 .debug_aranges
                0x00000418       0x38 _build/nrf51422_xxac_drv_common.c.o
 .debug_aranges
                0x00000450       0x90 _build/nrf51422_xxac_drv_timer.c.o
 .debug_aranges
                0x000004e0       0x80 _build/nrf51422_xxac_drv_spi.c.o
 .debug_aranges
                0x00000560       0x80 _build/nrf51422_xxac_hal_timer.c.o
 .debug_aranges
                0x000005e0       0x38 _build/nrf51422_xxac_hal_clk.c.o
 .debug_aranges
                0x00000618       0x40 _build/nrf51422_xxac_hal_spi.c.o
 .debug_aranges
                0x00000658      0x218 _build/nrf51422_xxac_SEGGER_RTT.c.o
 .debug_aranges
                0x00000870      0x1c8 _build/nrf51422_xxac_nrf_log_backend_serial.c.o
 .debug_aranges
                0x00000a38      0x1f8 _build/nrf51422_xxac_nrf_log_frontend.c.o
 .debug_aranges
                0x00000c30      0x180 _build/nrf51422_xxac_app_error.c.o
 .debug_aranges
                0x00000db0      0x170 _build/nrf51422_xxac_app_error_weak.c.o
 .debug_aranges
                0x00000f20      0x1c0 _build/nrf51422_xxac_nrf_drv_common.c.o
 .debug_aranges
                0x000010e0      0x388 _build/nrf51422_xxac_nrf_drv_gpiote.c.o
 .debug_aranges
                0x00001468       0x40 _build/nrf51422_xxac_system_nrf51.c.o
 .debug_aranges
                0x000014a8      0x478 _build/nrf51422_xxac_softdevice_handler.c.o
 .debug_aranges
                0x00001920      0x1a8 _build/nrf51422_xxac_app_util_platform.c.o
 .debug_aranges
                0x00001ac8      0x4a8 _build/nrf51422_xxac_nrf_drv_clock.c.o

.debug_ranges   0x00000000     0x1e60
 .debug_ranges  0x00000000       0x10 _build/nrf51422_xxac_main.c.o
 .debug_ranges  0x00000010      0x198 _build/nrf51422_xxac_nrf51_muha.c.o
 .debug_ranges  0x000001a8      0x1f8 _build/nrf51422_xxac_bsp_ecg_ADS1192.c.o
 .debug_ranges  0x000003a0       0x28 _build/nrf51422_xxac_drv_common.c.o
 .debug_ranges  0x000003c8       0x80 _build/nrf51422_xxac_drv_timer.c.o
 .debug_ranges  0x00000448       0x70 _build/nrf51422_xxac_drv_spi.c.o
 .debug_ranges  0x000004b8       0x70 _build/nrf51422_xxac_hal_timer.c.o
 .debug_ranges  0x00000528       0x28 _build/nrf51422_xxac_hal_clk.c.o
 .debug_ranges  0x00000550       0x30 _build/nrf51422_xxac_hal_spi.c.o
 .debug_ranges  0x00000580      0x208 _build/nrf51422_xxac_SEGGER_RTT.c.o
 .debug_ranges  0x00000788      0x1b8 _build/nrf51422_xxac_nrf_log_backend_serial.c.o
 .debug_ranges  0x00000940      0x200 _build/nrf51422_xxac_nrf_log_frontend.c.o
 .debug_ranges  0x00000b40      0x170 _build/nrf51422_xxac_app_error.c.o
 .debug_ranges  0x00000cb0      0x160 _build/nrf51422_xxac_app_error_weak.c.o
 .debug_ranges  0x00000e10      0x1b0 _build/nrf51422_xxac_nrf_drv_common.c.o
 .debug_ranges  0x00000fc0      0x378 _build/nrf51422_xxac_nrf_drv_gpiote.c.o
 .debug_ranges  0x00001338       0x30 _build/nrf51422_xxac_system_nrf51.c.o
 .debug_ranges  0x00001368      0x4b0 _build/nrf51422_xxac_softdevice_handler.c.o
 .debug_ranges  0x00001818      0x198 _build/nrf51422_xxac_app_util_platform.c.o
 .debug_ranges  0x000019b0      0x4b0 _build/nrf51422_xxac_nrf_drv_clock.c.o

.debug_macro    0x00000000     0xf36e
 .debug_macro   0x00000000       0x1b _build/nrf51422_xxac_main.c.o
 .debug_macro   0x0000001b      0xa90 _build/nrf51422_xxac_main.c.o
 .debug_macro   0x00000aab      0x399 _build/nrf51422_xxac_nrf51_muha.c.o
 .debug_macro   0x00000e44      0x16d _build/nrf51422_xxac_nrf51_muha.c.o
 .debug_macro   0x00000fb1      0x44e _build/nrf51422_xxac_nrf51_muha.c.o
 .debug_macro   0x000013ff       0x2e _build/nrf51422_xxac_nrf51_muha.c.o
 .debug_macro   0x0000142d       0x22 _build/nrf51422_xxac_nrf51_muha.c.o
 .debug_macro   0x0000144f       0x56 _build/nrf51422_xxac_nrf51_muha.c.o
 .debug_macro   0x000014a5       0x51 _build/nrf51422_xxac_nrf51_muha.c.o
 .debug_macro   0x000014f6      0x103 _build/nrf51422_xxac_nrf51_muha.c.o
 .debug_macro   0x000015f9       0x6a _build/nrf51422_xxac_nrf51_muha.c.o
 .debug_macro   0x00001663      0x1df _build/nrf51422_xxac_nrf51_muha.c.o
 .debug_macro   0x00001842       0x1c _build/nrf51422_xxac_nrf51_muha.c.o
 .debug_macro   0x0000185e       0x22 _build/nrf51422_xxac_nrf51_muha.c.o
 .debug_macro   0x00001880       0x3a _build/nrf51422_xxac_nrf51_muha.c.o
 .debug_macro   0x000018ba       0x26 _build/nrf51422_xxac_nrf51_muha.c.o
 .debug_macro   0x000018e0      0x30d _build/nrf51422_xxac_nrf51_muha.c.o
 .debug_macro   0x00001bed      0x1b6 _build/nrf51422_xxac_nrf51_muha.c.o
 .debug_macro   0x00001da3     0x6504 _build/nrf51422_xxac_nrf51_muha.c.o
 .debug_macro   0x000082a7      0x97c _build/nrf51422_xxac_nrf51_muha.c.o
 .debug_macro   0x00008c23       0x22 _build/nrf51422_xxac_nrf51_muha.c.o
 .debug_macro   0x00008c45       0x16 _build/nrf51422_xxac_nrf51_muha.c.o
 .debug_macro   0x00008c5b       0x9a _build/nrf51422_xxac_nrf51_muha.c.o
 .debug_macro   0x00008cf5       0x40 _build/nrf51422_xxac_nrf51_muha.c.o
 .debug_macro   0x00008d35       0x64 _build/nrf51422_xxac_nrf51_muha.c.o
 .debug_macro   0x00008d99       0x22 _build/nrf51422_xxac_nrf51_muha.c.o
 .debug_macro   0x00008dbb       0x64 _build/nrf51422_xxac_nrf51_muha.c.o
 .debug_macro   0x00008e1f       0x18 _build/nrf51422_xxac_nrf51_muha.c.o
 .debug_macro   0x00008e37       0x35 _build/nrf51422_xxac_nrf51_muha.c.o
 .debug_macro   0x00008e6c       0x34 _build/nrf51422_xxac_nrf51_muha.c.o
 .debug_macro   0x00008ea0       0x16 _build/nrf51422_xxac_nrf51_muha.c.o
 .debug_macro   0x00008eb6       0x35 _build/nrf51422_xxac_nrf51_muha.c.o
 .debug_macro   0x00008eeb      0x35c _build/nrf51422_xxac_nrf51_muha.c.o
 .debug_macro   0x00009247       0x10 _build/nrf51422_xxac_nrf51_muha.c.o
 .debug_macro   0x00009257       0x16 _build/nrf51422_xxac_nrf51_muha.c.o
 .debug_macro   0x0000926d       0x43 _build/nrf51422_xxac_nrf51_muha.c.o
 .debug_macro   0x000092b0       0x34 _build/nrf51422_xxac_nrf51_muha.c.o
 .debug_macro   0x000092e4       0x10 _build/nrf51422_xxac_nrf51_muha.c.o
 .debug_macro   0x000092f4       0x58 _build/nrf51422_xxac_nrf51_muha.c.o
 .debug_macro   0x0000934c      0x182 _build/nrf51422_xxac_nrf51_muha.c.o
 .debug_macro   0x000094ce       0xbe _build/nrf51422_xxac_nrf51_muha.c.o
 .debug_macro   0x0000958c       0x16 _build/nrf51422_xxac_nrf51_muha.c.o
 .debug_macro   0x000095a2      0x129 _build/nrf51422_xxac_nrf51_muha.c.o
 .debug_macro   0x000096cb       0x9d _build/nrf51422_xxac_nrf51_muha.c.o
 .debug_macro   0x00009768      0x167 _build/nrf51422_xxac_nrf51_muha.c.o
 .debug_macro   0x000098cf       0x2b _build/nrf51422_xxac_nrf51_muha.c.o
 .debug_macro   0x000098fa       0x10 _build/nrf51422_xxac_nrf51_muha.c.o
 .debug_macro   0x0000990a       0x6f _build/nrf51422_xxac_nrf51_muha.c.o
 .debug_macro   0x00009979       0x34 _build/nrf51422_xxac_nrf51_muha.c.o
 .debug_macro   0x000099ad      0x114 _build/nrf51422_xxac_nrf51_muha.c.o
 .debug_macro   0x00009ac1       0x10 _build/nrf51422_xxac_nrf51_muha.c.o
 .debug_macro   0x00009ad1      0x168 _build/nrf51422_xxac_nrf51_muha.c.o
 .debug_macro   0x00009c39       0x11 _build/nrf51422_xxac_nrf51_muha.c.o
 .debug_macro   0x00009c4a       0x16 _build/nrf51422_xxac_nrf51_muha.c.o
 .debug_macro   0x00009c60       0x22 _build/nrf51422_xxac_nrf51_muha.c.o
 .debug_macro   0x00009c82       0x16 _build/nrf51422_xxac_nrf51_muha.c.o
 .debug_macro   0x00009c98       0x2e _build/nrf51422_xxac_nrf51_muha.c.o
 .debug_macro   0x00009cc6       0x16 _build/nrf51422_xxac_nrf51_muha.c.o
 .debug_macro   0x00009cdc       0x22 _build/nrf51422_xxac_nrf51_muha.c.o
 .debug_macro   0x00009cfe      0x39a _build/nrf51422_xxac_nrf51_muha.c.o
 .debug_macro   0x0000a098       0x49 _build/nrf51422_xxac_nrf51_muha.c.o
 .debug_macro   0x0000a0e1       0x10 _build/nrf51422_xxac_nrf51_muha.c.o
 .debug_macro   0x0000a0f1       0x70 _build/nrf51422_xxac_nrf51_muha.c.o
 .debug_macro   0x0000a161      0x4e3 _build/nrf51422_xxac_bsp_ecg_ADS1192.c.o
 .debug_macro   0x0000a644       0x5e _build/nrf51422_xxac_bsp_ecg_ADS1192.c.o
 .debug_macro   0x0000a6a2       0x5c _build/nrf51422_xxac_bsp_ecg_ADS1192.c.o
 .debug_macro   0x0000a6fe       0x57 _build/nrf51422_xxac_bsp_ecg_ADS1192.c.o
 .debug_macro   0x0000a755       0x10 _build/nrf51422_xxac_bsp_ecg_ADS1192.c.o
 .debug_macro   0x0000a765       0x1c _build/nrf51422_xxac_bsp_ecg_ADS1192.c.o
 .debug_macro   0x0000a781       0x10 _build/nrf51422_xxac_bsp_ecg_ADS1192.c.o
 .debug_macro   0x0000a791      0x2fe _build/nrf51422_xxac_cfg_bsp_ecg_ADS1192.c.o
 .debug_macro   0x0000aa8f      0x394 _build/nrf51422_xxac_cfg_bsp_ecg_ADS1192.c.o
 .debug_macro   0x0000ae23      0x1fb _build/nrf51422_xxac_cfg_drv_timer.c.o
 .debug_macro   0x0000b01e      0x20e _build/nrf51422_xxac_cfg_drv_spi.c.o
 .debug_macro   0x0000b22c       0x34 _build/nrf51422_xxac_cfg_drv_spi.c.o
 .debug_macro   0x0000b260       0x22 _build/nrf51422_xxac_cfg_drv_spi.c.o
 .debug_macro   0x0000b282       0xe2 _build/nrf51422_xxac_drv_common.c.o
 .debug_macro   0x0000b364      0x245 _build/nrf51422_xxac_drv_timer.c.o
 .debug_macro   0x0000b5a9      0x2d0 _build/nrf51422_xxac_drv_spi.c.o
 .debug_macro   0x0000b879      0x217 _build/nrf51422_xxac_hal_timer.c.o
 .debug_macro   0x0000ba90       0xd0 _build/nrf51422_xxac_hal_clk.c.o
 .debug_macro   0x0000bb60      0x227 _build/nrf51422_xxac_hal_spi.c.o
 .debug_macro   0x0000bd87      0x29f _build/nrf51422_xxac_SEGGER_RTT.c.o
 .debug_macro   0x0000c026       0x97 _build/nrf51422_xxac_SEGGER_RTT.c.o
 .debug_macro   0x0000c0bd       0xf6 _build/nrf51422_xxac_SEGGER_RTT.c.o
 .debug_macro   0x0000c1b3      0x311 _build/nrf51422_xxac_nrf_log_backend_serial.c.o
 .debug_macro   0x0000c4c4       0x28 _build/nrf51422_xxac_nrf_log_backend_serial.c.o
 .debug_macro   0x0000c4ec       0x22 _build/nrf51422_xxac_nrf_log_backend_serial.c.o
 .debug_macro   0x0000c50e       0x52 _build/nrf51422_xxac_nrf_log_backend_serial.c.o
 .debug_macro   0x0000c560       0xa2 _build/nrf51422_xxac_nrf_log_backend_serial.c.o
 .debug_macro   0x0000c602       0x3a _build/nrf51422_xxac_nrf_log_backend_serial.c.o
 .debug_macro   0x0000c63c      0x315 _build/nrf51422_xxac_nrf_log_frontend.c.o
 .debug_macro   0x0000c951       0x22 _build/nrf51422_xxac_nrf_log_frontend.c.o
 .debug_macro   0x0000c973      0x166 _build/nrf51422_xxac_nrf_log_frontend.c.o
 .debug_macro   0x0000cad9       0x59 _build/nrf51422_xxac_nrf_log_frontend.c.o
 .debug_macro   0x0000cb32       0x2e _build/nrf51422_xxac_nrf_log_frontend.c.o
 .debug_macro   0x0000cb60      0x2d6 _build/nrf51422_xxac_app_error.c.o
 .debug_macro   0x0000ce36      0x160 _build/nrf51422_xxac_app_error.c.o
 .debug_macro   0x0000cf96       0x16 _build/nrf51422_xxac_app_error.c.o
 .debug_macro   0x0000cfac      0x2d6 _build/nrf51422_xxac_app_error_weak.c.o
 .debug_macro   0x0000d282       0x1c _build/nrf51422_xxac_app_error_weak.c.o
 .debug_macro   0x0000d29e      0x31e _build/nrf51422_xxac_nrf_drv_common.c.o
 .debug_macro   0x0000d5bc       0x22 _build/nrf51422_xxac_nrf_drv_common.c.o
 .debug_macro   0x0000d5de      0x396 _build/nrf51422_xxac_nrf_drv_gpiote.c.o
 .debug_macro   0x0000d974       0x28 _build/nrf51422_xxac_nrf_drv_gpiote.c.o
 .debug_macro   0x0000d99c       0x16 _build/nrf51422_xxac_nrf_drv_gpiote.c.o
 .debug_macro   0x0000d9b2       0x16 _build/nrf51422_xxac_nrf_drv_gpiote.c.o
 .debug_macro   0x0000d9c8       0xdf _build/nrf51422_xxac_system_nrf51.c.o
 .debug_macro   0x0000daa7      0x3ed _build/nrf51422_xxac_softdevice_handler.c.o
 .debug_macro   0x0000de94      0x10e _build/nrf51422_xxac_softdevice_handler.c.o
 .debug_macro   0x0000dfa2       0x86 _build/nrf51422_xxac_softdevice_handler.c.o
 .debug_macro   0x0000e028       0x10 _build/nrf51422_xxac_softdevice_handler.c.o
 .debug_macro   0x0000e038       0x1c _build/nrf51422_xxac_softdevice_handler.c.o
 .debug_macro   0x0000e054       0x8f _build/nrf51422_xxac_softdevice_handler.c.o
 .debug_macro   0x0000e0e3       0xd6 _build/nrf51422_xxac_softdevice_handler.c.o
 .debug_macro   0x0000e1b9      0x1fb _build/nrf51422_xxac_softdevice_handler.c.o
 .debug_macro   0x0000e3b4      0x3fa _build/nrf51422_xxac_softdevice_handler.c.o
 .debug_macro   0x0000e7ae       0x40 _build/nrf51422_xxac_softdevice_handler.c.o
 .debug_macro   0x0000e7ee       0x22 _build/nrf51422_xxac_softdevice_handler.c.o
 .debug_macro   0x0000e810      0x201 _build/nrf51422_xxac_softdevice_handler.c.o
 .debug_macro   0x0000ea11       0x1c _build/nrf51422_xxac_softdevice_handler.c.o
 .debug_macro   0x0000ea2d       0xdb _build/nrf51422_xxac_softdevice_handler.c.o
 .debug_macro   0x0000eb08       0x24 _build/nrf51422_xxac_softdevice_handler.c.o
 .debug_macro   0x0000eb2c       0x10 _build/nrf51422_xxac_softdevice_handler.c.o
 .debug_macro   0x0000eb3c       0x10 _build/nrf51422_xxac_softdevice_handler.c.o
 .debug_macro   0x0000eb4c      0x18a _build/nrf51422_xxac_softdevice_handler.c.o
 .debug_macro   0x0000ecd6       0x1c _build/nrf51422_xxac_softdevice_handler.c.o
 .debug_macro   0x0000ecf2       0x10 _build/nrf51422_xxac_softdevice_handler.c.o
 .debug_macro   0x0000ed02      0x257 _build/nrf51422_xxac_app_util_platform.c.o
 .debug_macro   0x0000ef59      0x415 _build/nrf51422_xxac_nrf_drv_clock.c.o

.debug_line     0x00000000    0x1055c
 .debug_line    0x00000000       0xb1 _build/nrf51422_xxac_main.c.o
 .debug_line    0x000000b1      0xdf3 _build/nrf51422_xxac_nrf51_muha.c.o
 .debug_line    0x00000ea4     0x105d _build/nrf51422_xxac_bsp_ecg_ADS1192.c.o
 .debug_line    0x00001f01      0x7ff _build/nrf51422_xxac_cfg_bsp_ecg_ADS1192.c.o
 .debug_line    0x00002700      0x5fd _build/nrf51422_xxac_cfg_drv_timer.c.o
 .debug_line    0x00002cfd      0x612 _build/nrf51422_xxac_cfg_drv_spi.c.o
 .debug_line    0x0000330f      0x4a0 _build/nrf51422_xxac_drv_common.c.o
 .debug_line    0x000037af      0x9c0 _build/nrf51422_xxac_drv_timer.c.o
 .debug_line    0x0000416f      0xaab _build/nrf51422_xxac_drv_spi.c.o
 .debug_line    0x00004c1a      0x787 _build/nrf51422_xxac_hal_timer.c.o
 .debug_line    0x000053a1      0x423 _build/nrf51422_xxac_hal_clk.c.o
 .debug_line    0x000057c4      0x67d _build/nrf51422_xxac_hal_spi.c.o
 .debug_line    0x00005e41      0xf0e _build/nrf51422_xxac_SEGGER_RTT.c.o
 .debug_line    0x00006d4f      0xe9a _build/nrf51422_xxac_nrf_log_backend_serial.c.o
 .debug_line    0x00007be9     0x101c _build/nrf51422_xxac_nrf_log_frontend.c.o
 .debug_line    0x00008c05      0xadd _build/nrf51422_xxac_app_error.c.o
 .debug_line    0x000096e2      0xa36 _build/nrf51422_xxac_app_error_weak.c.o
 .debug_line    0x0000a118      0xd06 _build/nrf51422_xxac_nrf_drv_common.c.o
 .debug_line    0x0000ae1e     0x17fe _build/nrf51422_xxac_nrf_drv_gpiote.c.o
 .debug_line    0x0000c61c      0x569 _build/nrf51422_xxac_system_nrf51.c.o
 .debug_line    0x0000cb85     0x1790 _build/nrf51422_xxac_softdevice_handler.c.o
 .debug_line    0x0000e315      0xa58 _build/nrf51422_xxac_app_util_platform.c.o
 .debug_line    0x0000ed6d     0x17ef _build/nrf51422_xxac_nrf_drv_clock.c.o

.debug_str      0x00000000    0x4528a
 .debug_str     0x00000000     0x2d9d _build/nrf51422_xxac_main.c.o
                               0x2dab (size before relaxing)
 .debug_str     0x00002d9d    0x33961 _build/nrf51422_xxac_nrf51_muha.c.o
                              0x36aab (size before relaxing)
 .debug_str     0x000366fe      0xf1f _build/nrf51422_xxac_bsp_ecg_ADS1192.c.o
                              0x37597 (size before relaxing)
 .debug_str     0x0003761d       0x50 _build/nrf51422_xxac_cfg_bsp_ecg_ADS1192.c.o
                              0x34225 (size before relaxing)
 .debug_str     0x0003766d       0x4e _build/nrf51422_xxac_cfg_drv_timer.c.o
                              0x32c9f (size before relaxing)
 .debug_str     0x000376bb       0xcc _build/nrf51422_xxac_cfg_drv_spi.c.o
                              0x32dd3 (size before relaxing)
 .debug_str     0x00037787      0x10f _build/nrf51422_xxac_drv_common.c.o
                              0x2a95a (size before relaxing)
 .debug_str     0x00037896      0x62b _build/nrf51422_xxac_drv_timer.c.o
                              0x3330c (size before relaxing)
 .debug_str     0x00037ec1      0x196 _build/nrf51422_xxac_drv_spi.c.o
                              0x33ff4 (size before relaxing)
 .debug_str     0x00038057      0x1dd _build/nrf51422_xxac_hal_timer.c.o
                              0x32ed7 (size before relaxing)
 .debug_str     0x00038234      0x1dd _build/nrf51422_xxac_hal_clk.c.o
                               0x5b9d (size before relaxing)
 .debug_str     0x00038411      0x165 _build/nrf51422_xxac_hal_spi.c.o
                              0x32b8e (size before relaxing)
 .debug_str     0x00038576      0x375 _build/nrf51422_xxac_SEGGER_RTT.c.o
                              0x31e72 (size before relaxing)
 .debug_str     0x000388eb      0xc35 _build/nrf51422_xxac_nrf_log_backend_serial.c.o
                              0x35bb1 (size before relaxing)
 .debug_str     0x00039520     0x1c46 _build/nrf51422_xxac_nrf_log_frontend.c.o
                              0x36801 (size before relaxing)
 .debug_str     0x0003b166      0x11a _build/nrf51422_xxac_app_error.c.o
                              0x361f4 (size before relaxing)
 .debug_str     0x0003b280       0x8a _build/nrf51422_xxac_app_error_weak.c.o
                              0x3611a (size before relaxing)
 .debug_str     0x0003b30a      0x3dc _build/nrf51422_xxac_nrf_drv_common.c.o
                              0x36a5d (size before relaxing)
 .debug_str     0x0003b6e6      0xbd2 _build/nrf51422_xxac_nrf_drv_gpiote.c.o
                              0x37d2a (size before relaxing)
 .debug_str     0x0003c2b8      0x135 _build/nrf51422_xxac_system_nrf51.c.o
                              0x2a7e3 (size before relaxing)
 .debug_str     0x0003c3ed     0x840a _build/nrf51422_xxac_softdevice_handler.c.o
                              0x3e5af (size before relaxing)
 .debug_str     0x000447f7      0x174 _build/nrf51422_xxac_app_util_platform.c.o
                              0x3169d (size before relaxing)
 .debug_str     0x0004496b      0x91f _build/nrf51422_xxac_nrf_drv_clock.c.o
                              0x3e590 (size before relaxing)
